[    0.000000] Initializing cgroup subsys cpuset
[    0.000000] Initializing cgroup subsys cpu
[    0.000000] Linux version 2.6.35.13-92.fc14.i686 (mockbuild@x86-17.phx2.fedoraproject.org) (gcc version 4.5.1 20100924 (Red Hat 4.5.1-4) (GCC) ) #1 SMP Sat May 21 17:39:42 UTC 2011
[    0.000000] BIOS-provided physical RAM map:
[    0.000000]  BIOS-e820: 0000000000000000 - 000000000009fc00 (usable)
[    0.000000]  BIOS-e820: 00000000000f0000 - 0000000000100000 (reserved)
[    0.000000]  BIOS-e820: 0000000000100000 - 000000007dc08c00 (usable)
[    0.000000]  BIOS-e820: 000000007dc08c00 - 000000007dc5cc00 (ACPI NVS)
[    0.000000]  BIOS-e820: 000000007dc5cc00 - 000000007dc5ec00 (ACPI data)
[    0.000000]  BIOS-e820: 000000007dc5ec00 - 0000000080000000 (reserved)
[    0.000000]  BIOS-e820: 00000000e0000000 - 00000000f0000000 (reserved)
[    0.000000]  BIOS-e820: 00000000fec00000 - 00000000fed00400 (reserved)
[    0.000000]  BIOS-e820: 00000000fed20000 - 00000000feda0000 (reserved)
[    0.000000]  BIOS-e820: 00000000fee00000 - 00000000fef00000 (reserved)
[    0.000000]  BIOS-e820: 00000000ffb00000 - 0000000100000000 (reserved)
[    0.000000] Notice: NX (Execute Disable) protection cannot be enabled: non-PAE kernel!
[    0.000000] DMI 2.5 present.
[    0.000000] e820 update range: 0000000000000000 - 0000000000001000 (usable) ==> (reserved)
[    0.000000] e820 remove range: 00000000000a0000 - 0000000000100000 (usable)
[    0.000000] last_pfn = 0x7dc08 max_arch_pfn = 0x100000
[    0.000000] MTRR default type: write-back
[    0.000000] MTRR fixed ranges enabled:
[    0.000000]   00000-9FFFF write-back
[    0.000000]   A0000-BFFFF uncachable
[    0.000000]   C0000-CFFFF write-protect
[    0.000000]   D0000-EFFFF uncachable
[    0.000000]   F0000-FFFFF write-protect
[    0.000000] MTRR variable ranges enabled:
[    0.000000]   0 base 07DE00000 mask FFFE00000 uncachable
[    0.000000]   1 base 07E000000 mask FFE000000 uncachable
[    0.000000]   2 base 07DD00000 mask FFFF00000 uncachable
[    0.000000]   3 base 080000000 mask F80000000 uncachable
[    0.000000]   4 disabled
[    0.000000]   5 disabled
[    0.000000]   6 disabled
[    0.000000] x86 PAT enabled: cpu 0, old 0x7040600070406, new 0x7010600070106
[    0.000000] initial memory mapped : 0 - 01000000
[    0.000000] found SMP MP-table at [c00fe710] fe710
[    0.000000] init_memory_mapping: 0000000000000000-0000000036ffe000
[    0.000000]  0000000000 - 0000400000 page 4k
[    0.000000]  0000400000 - 0036c00000 page 2M
[    0.000000]  0036c00000 - 0036ffe000 page 4k
[    0.000000] kernel direct mapping tables up to 36ffe000 @ 7000-e000
[    0.000000] RAMDISK: 3738a000 - 37ff0000
[    0.000000] Allocated new RAMDISK: 00c32000 - 01897b5e
[    0.000000] Move RAMDISK from 000000003738a000 - 0000000037fefb5d to 00c32000 - 01897b5d
[    0.000000] ACPI: RSDP 000febf0 00024 (v02 DELL  )
[    0.000000] ACPI: XSDT 000fce88 00084 (v01 DELL    B10K    00000015 ASL  00000061)
[    0.000000] ACPI: FACP 000fcfb0 000F4 (v03 DELL    B10K    00000015 ASL  00000061)
[    0.000000] ACPI: DSDT ffe94eb0 045F6 (v01   DELL    dt_ex 00001000 INTL 20050624)
[    0.000000] ACPI: FACS 7dc08c00 00040
[    0.000000] ACPI: SSDT ffe995c7 000AC (v01   DELL    st_ex 00001000 INTL 20050624)
[    0.000000] ACPI: APIC 000fd0a4 00092 (v01 DELL    B10K    00000015 ASL  00000061)
[    0.000000] ACPI: BOOT 000fd136 00028 (v01 DELL    B10K    00000015 ASL  00000061)
[    0.000000] ACPI: MCFG 000fd15e 0003E (v01 DELL    B10K    00000015 ASL  00000061)
[    0.000000] ACPI: HPET 000fd19c 00038 (v01 DELL    B10K    00000015 ASL  00000061)
[    0.000000] ACPI: TCPA 000fd3f8 00032 (v01 DELL    B10K    00000015 ASL  00000061)
[    0.000000] ACPI: ____ 000fd42a 00030 (v01 DELL    B10K    00000015 ASL  00000061)
[    0.000000] ACPI: SLIC 000fd1d4 00176 (v01 DELL    B10K    00000015 ASL  00000061)
[    0.000000] ACPI: SSDT 7dc08c40 0027D (v01 DpgPmm  Cpu0Ist 00000011 INTL 20050624)
[    0.000000] ACPI: SSDT 7dc09049 0027D (v01 DpgPmm  Cpu1Ist 00000011 INTL 20050624)
[    0.000000] ACPI: SSDT 7dc09452 00190 (v01 DpgPmm    CpuPm 00000010 INTL 20050624)
[    0.000000] ACPI: Local APIC address 0xfee00000
[    0.000000] 1132MB HIGHMEM available.
[    0.000000] 879MB LOWMEM available.
[    0.000000]   mapped low ram: 0 - 36ffe000
[    0.000000]   low ram: 0 - 36ffe000
[    0.000000]   node 0 low ram: 00000000 - 36ffe000
[    0.000000]   node 0 bootmap 0000b000 - 00011e00
[    0.000000] (13/32 early reservations) ==> bootmem [0000000000 - 0036ffe000]
[    0.000000]   #0 [0000001000 - 0000002000]    EX TRAMPOLINE ==> [0000001000 - 0000002000]
[    0.000000]   #1 [0000400000 - 0000c2c900]    TEXT DATA BSS ==> [0000400000 - 0000c2c900]
[    0.000000]   #2 [0000c2d000 - 0000c311a8]              BRK ==> [0000c2d000 - 0000c311a8]
[    0.000000]   #3 [00000fe720 - 0000100000]    BIOS reserved ==> [00000fe720 - 0000100000]
[    0.000000]   #4 [00000fe710 - 00000fe720]     MP-table mpf ==> [00000fe710 - 00000fe720]
[    0.000000]   #5 [000009fc00 - 00000f0000]    BIOS reserved ==> [000009fc00 - 00000f0000]
[    0.000000]   #6 [00000f027c - 00000fe710]    BIOS reserved ==> [00000f027c - 00000fe710]
[    0.000000]   #7 [00000f0000 - 00000f027c]     MP-table mpc ==> [00000f0000 - 00000f027c]
[    0.000000]   #8 [0000002000 - 0000003000]       TRAMPOLINE ==> [0000002000 - 0000003000]
[    0.000000]   #9 [0000003000 - 0000007000]      ACPI WAKEUP ==> [0000003000 - 0000007000]
[    0.000000]   #10 [0000007000 - 000000b000]          PGTABLE ==> [0000007000 - 000000b000]
[    0.000000]   #11 [0000c32000 - 0001898000]      NEW RAMDISK ==> [0000c32000 - 0001898000]
[    0.000000]   #12 [000000b000 - 0000012000]          BOOTMAP ==> [000000b000 - 0000012000]
[    0.000000] Zone PFN ranges:
[    0.000000]   DMA      0x00000001 -> 0x00001000
[    0.000000]   Normal   0x00001000 -> 0x00036ffe
[    0.000000]   HighMem  0x00036ffe -> 0x0007dc08
[    0.000000] Movable zone start PFN for each node
[    0.000000] early_node_map[2] active PFN ranges
[    0.000000]     0: 0x00000001 -> 0x0000009f
[    0.000000]     0: 0x00000100 -> 0x0007dc08
[    0.000000] On node 0 totalpages: 514982
[    0.000000] free_area_init_node: node 0, pgdat c09fe100, node_mem_map c1899020
[    0.000000]   DMA zone: 32 pages used for memmap
[    0.000000]   DMA zone: 0 pages reserved
[    0.000000]   DMA zone: 3966 pages, LIFO batch:0
[    0.000000]   Normal zone: 1728 pages used for memmap
[    0.000000]   Normal zone: 219454 pages, LIFO batch:31
[    0.000000]   HighMem zone: 2265 pages used for memmap
[    0.000000]   HighMem zone: 287537 pages, LIFO batch:31
[    0.000000] Using APIC driver default
[    0.000000] ACPI: PM-Timer IO Port: 0x808
[    0.000000] ACPI: Local APIC address 0xfee00000
[    0.000000] ACPI: LAPIC (acpi_id[0x01] lapic_id[0x00] enabled)
[    0.000000] ACPI: LAPIC (acpi_id[0x02] lapic_id[0x01] enabled)
[    0.000000] ACPI: LAPIC (acpi_id[0x03] lapic_id[0x05] disabled)
[    0.000000] ACPI: LAPIC (acpi_id[0x04] lapic_id[0x07] disabled)
[    0.000000] ACPI: LAPIC (acpi_id[0x05] lapic_id[0x00] disabled)
[    0.000000] ACPI: LAPIC (acpi_id[0x06] lapic_id[0x01] disabled)
[    0.000000] ACPI: LAPIC (acpi_id[0x07] lapic_id[0x02] disabled)
[    0.000000] ACPI: LAPIC (acpi_id[0x08] lapic_id[0x03] disabled)
[    0.000000] ACPI: LAPIC_NMI (acpi_id[0xff] high level lint[0x1])
[    0.000000] ACPI: IOAPIC (id[0x08] address[0xfec00000] gsi_base[0])
[    0.000000] IOAPIC[0]: apic_id 8, version 32, address 0xfec00000, GSI 0-23
[    0.000000] ACPI: INT_SRC_OVR (bus 0 bus_irq 0 global_irq 2 dfl dfl)
[    0.000000] ACPI: INT_SRC_OVR (bus 0 bus_irq 9 global_irq 9 high level)
[    0.000000] ACPI: IRQ0 used by override.
[    0.000000] ACPI: IRQ2 used by override.
[    0.000000] ACPI: IRQ9 used by override.
[    0.000000] Using ACPI (MADT) for SMP configuration information
[    0.000000] ACPI: HPET id: 0x8086a201 base: 0xfed00000
[    0.000000] SMP: Allowing 8 CPUs, 6 hotplug CPUs
[    0.000000] nr_irqs_gsi: 40
[    0.000000] PM: Registered nosave memory: 000000000009f000 - 00000000000f0000
[    0.000000] PM: Registered nosave memory: 00000000000f0000 - 0000000000100000
[    0.000000] Allocating PCI resources starting at 80000000 (gap: 80000000:60000000)
[    0.000000] Booting paravirtualized kernel on bare hardware
[    0.000000] setup_percpu: NR_CPUS:64 nr_cpumask_bits:64 nr_cpu_ids:8 nr_node_ids:1
[    0.000000] PERCPU: Embedded 14 pages/cpu @c2c00000 s35136 r0 d22208 u524288
[    0.000000] pcpu-alloc: s35136 r0 d22208 u524288 alloc=1*4194304
[    0.000000] pcpu-alloc: [0] 0 1 2 3 4 5 6 7 
[    0.000000] Built 1 zonelists in Zone order, mobility grouping on.  Total pages: 510957
[    0.000000] Kernel command line: ro root=UUID=3daba580-909b-4fc5-9ca4-ccce6dc2f781 rd_NO_LUKS rd_NO_LVM rd_NO_MD rd_NO_DM LANG=zh_CN.UTF-8 KEYTABLE=us rhgb quiet
[    0.000000] PID hash table entries: 4096 (order: 2, 16384 bytes)
[    0.000000] Dentry cache hash table entries: 131072 (order: 7, 524288 bytes)
[    0.000000] Inode-cache hash table entries: 65536 (order: 6, 262144 bytes)
[    0.000000] Enabling fast FPU save and restore... done.
[    0.000000] Enabling unmasked SIMD FPU exception support... done.
[    0.000000] Initializing CPU#0
[    0.000000] xsave/xrstor: enabled xstate_bv 0x3, cntxt size 0x240
[    0.000000] allocated 10301580 bytes of page_cgroup
[    0.000000] please try 'cgroup_disable=memory' option if you don't want memory cgroups
[    0.000000] Initializing HighMem for node 0 (00036ffe:0007dc08)
[    0.000000] Memory: 2011316k/2060320k available (3768k kernel code, 48612k reserved, 2491k data, 544k init, 1159208k highmem)
[    0.000000] virtual kernel memory layout:
[    0.000000]     fixmap  : 0xff575000 - 0xfffff000   (10792 kB)
[    0.000000]     pkmap   : 0xff000000 - 0xff400000   (4096 kB)
[    0.000000]     vmalloc : 0xf77fe000 - 0xfeffe000   ( 120 MB)
[    0.000000]     lowmem  : 0xc0000000 - 0xf6ffe000   ( 879 MB)
[    0.000000]       .init : 0xc0a1d000 - 0xc0aa5000   ( 544 kB)
[    0.000000]       .data : 0xc07ae14e - 0xc0a1ce70   (2491 kB)
[    0.000000]       .text : 0xc0400000 - 0xc07ae14e   (3768 kB)
[    0.000000] Checking if this processor honours the WP bit even in supervisor mode...Ok.
[    0.000000] SLUB: Genslabs=13, HWalign=64, Order=0-3, MinObjects=0, CPUs=8, Nodes=1
[    0.000000] Hierarchical RCU implementation.
[    0.000000] 	RCU dyntick-idle grace-period acceleration is enabled.
[    0.000000] 	RCU-based detection of stalled CPUs is disabled.
[    0.000000] 	Verbose stalled-CPUs detection is disabled.
[    0.000000] NR_IRQS:2304
[    0.000000] Console: colour VGA+ 80x25
[    0.000000] console [tty0] enabled
[    0.000000] hpet clockevent registered
[    0.000000] Fast TSC calibration using PIT
[    0.000000] Detected 2926.091 MHz processor.
[    0.001004] Calibrating delay loop (skipped), value calculated using timer frequency.. 5852.18 BogoMIPS (lpj=2926091)
[    0.001007] pid_max: default: 32768 minimum: 301
[    0.001026] Security Framework initialized
[    0.001035] SELinux:  Initializing.
[    0.001042] SELinux:  Starting in permissive mode
[    0.001086] Mount-cache hash table entries: 512
[    0.001210] Initializing cgroup subsys ns
[    0.001215] Initializing cgroup subsys cpuacct
[    0.001219] Initializing cgroup subsys memory
[    0.001226] Initializing cgroup subsys devices
[    0.001228] Initializing cgroup subsys freezer
[    0.001230] Initializing cgroup subsys net_cls
[    0.001232] Initializing cgroup subsys blkio
[    0.001258] CPU: Physical Processor ID: 0
[    0.001259] CPU: Processor Core ID: 0
[    0.001262] mce: CPU supports 6 MCE banks
[    0.001268] CPU0: Thermal monitoring enabled (TM1)
[    0.001271] using mwait in idle threads.
[    0.001277] Performance Events: PEBS fmt0+, Core2 events, Intel PMU driver.
[    0.001285] ... version:                2
[    0.001286] ... bit width:              40
[    0.001287] ... generic registers:      2
[    0.001289] ... value mask:             000000ffffffffff
[    0.001290] ... max period:             000000007fffffff
[    0.001292] ... fixed-purpose events:   3
[    0.001293] ... event mask:             0000000700000003
[    0.002050] ACPI: Core revision 20100428
[    0.098319] ftrace: converting mcount calls to 0f 1f 44 00 00
[    0.098323] ftrace: allocating 23154 entries in 46 pages
[    0.099041] Enabling APIC mode:  Flat.  Using 1 I/O APICs
[    0.100151] ..TIMER: vector=0x30 apic1=0 pin1=2 apic2=-1 pin2=-1
[    0.110156] CPU0: Intel(R) Core(TM)2 Duo CPU     E7500  @ 2.93GHz stepping 0a
[    0.110999] Booting Node   0, Processors  #1
[    0.001999] Initializing CPU#1
[    0.182013] Brought up 2 CPUs
[    0.182015] Total of 2 processors activated (11703.87 BogoMIPS).
[    0.183008] sizeof(vma)=88 bytes
[    0.183010] sizeof(page)=32 bytes
[    0.183011] sizeof(inode)=352 bytes
[    0.183012] sizeof(dentry)=132 bytes
[    0.183013] sizeof(ext3inode)=508 bytes
[    0.183014] sizeof(buffer_head)=56 bytes
[    0.183015] sizeof(skbuff)=192 bytes
[    0.183016] sizeof(task_struct)=3228 bytes
[    0.183060] devtmpfs: initialized
[    0.184079] atomic64 test passed for i586+ platform with CX8 and with SSE
[    0.184104] Time:  0:28:38  Date: 08/01/11
[    0.184136] NET: Registered protocol family 16
[    0.184208] ACPI FADT declares the system doesn't support PCIe ASPM, so disable it
[    0.184211] ACPI: bus type pci registered
[    0.184262] PCI: MMCONFIG for domain 0000 [bus 00-ff] at [mem 0xe0000000-0xefffffff] (base 0xe0000000)
[    0.184264] PCI: MMCONFIG at [mem 0xe0000000-0xefffffff] reserved in E820
[    0.184266] PCI: Using MMCONFIG for extended config space
[    0.184267] PCI: Using configuration type 1 for base access
[    0.185165] bio: create slab <bio-0> at 0
[    0.185521] ACPI: EC: Look up EC in DSDT
[    0.207796] ACPI: BIOS _OSI(Linux) query ignored
[    0.220275] ACPI: Interpreter enabled
[    0.220278] ACPI: (supports S0 S1 S3 S4 S5)
[    0.220296] ACPI: Using IOAPIC for interrupt routing
[    0.281271] ACPI Warning: Incorrect checksum in table [TCPA] - 0x00, should be 0x7F (20100428/tbutils-314)
[    0.281342] ACPI: No dock devices found.
[    0.281345] PCI: Ignoring host bridge windows from ACPI; if necessary, use "pci=use_crs" and report a bug
[    0.286018] ACPI: PCI Root Bridge [PCI0] (domain 0000 [bus 00-ff])
[    0.295173] pci_root PNP0A03:00: host bridge window [io  0x0000-0x0cf7] (ignored)
[    0.295175] pci_root PNP0A03:00: host bridge window [io  0x0d00-0xffff] (ignored)
[    0.295178] pci_root PNP0A03:00: host bridge window [mem 0x000a0000-0x000bffff] (ignored)
[    0.295180] pci_root PNP0A03:00: host bridge window [mem 0x000c0000-0x000effff] (ignored)
[    0.295182] pci_root PNP0A03:00: host bridge window [mem 0x000f0000-0x000fffff] (ignored)
[    0.295184] pci_root PNP0A03:00: host bridge window [mem 0xf0000000-0xfec00000] (ignored)
[    0.295186] pci_root PNP0A03:00: host bridge window [mem 0x80000000-0xdfffffff] (ignored)
[    0.295188] pci_root PNP0A03:00: host bridge window [mem 0xff980000-0xff980fff] (ignored)
[    0.295190] pci_root PNP0A03:00: host bridge window [mem 0xff97c000-0xff97ffff] (ignored)
[    0.295192] pci_root PNP0A03:00: host bridge window [mem 0xfed20000-0xfed9ffff] (ignored)
[    0.295250] pci 0000:00:01.0: PME# supported from D0 D3hot D3cold
[    0.295252] pci 0000:00:01.0: PME# disabled
[    0.295269] pci 0000:00:02.0: reg 10: [mem 0xfe800000-0xfebfffff 64bit]
[    0.295275] pci 0000:00:02.0: reg 18: [mem 0xd0000000-0xdfffffff 64bit pref]
[    0.295278] pci 0000:00:02.0: reg 20: [io  0xecd8-0xecdf]
[    0.295303] pci 0000:00:02.1: reg 10: [mem 0xfe700000-0xfe7fffff 64bit]
[    0.295362] pci 0000:00:1b.0: reg 10: [mem 0xfe6fc000-0xfe6fffff 64bit]
[    0.295397] pci 0000:00:1b.0: PME# supported from D0 D3hot D3cold
[    0.295400] pci 0000:00:1b.0: PME# disabled
[    0.295453] pci 0000:00:1c.0: PME# supported from D0 D3hot D3cold
[    0.295456] pci 0000:00:1c.0: PME# disabled
[    0.295496] pci 0000:00:1d.0: reg 20: [io  0xff80-0xff9f]
[    0.295535] pci 0000:00:1d.1: reg 20: [io  0xff60-0xff7f]
[    0.295574] pci 0000:00:1d.2: reg 20: [io  0xff40-0xff5f]
[    0.295612] pci 0000:00:1d.3: reg 20: [io  0xff20-0xff3f]
[    0.295651] pci 0000:00:1d.7: reg 10: [mem 0xff980000-0xff9803ff]
[    0.295693] pci 0000:00:1d.7: PME# supported from D0 D3hot D3cold
[    0.295697] pci 0000:00:1d.7: PME# disabled
[    0.295796] pci 0000:00:1f.0: ICH7 LPC Generic IO decode 1 PIO at 0c00 (mask 007f)
[    0.295799] pci 0000:00:1f.0: ICH7 LPC Generic IO decode 2 PIO at 00e0 (mask 0007)
[    0.296005] pci 0000:00:1f.1: reg 10: [io  0x01f0-0x01f7]
[    0.296010] pci 0000:00:1f.1: reg 14: [io  0x03f4-0x03f7]
[    0.296016] pci 0000:00:1f.1: reg 18: [io  0x0170-0x0177]
[    0.296021] pci 0000:00:1f.1: reg 1c: [io  0x0374-0x0377]
[    0.296026] pci 0000:00:1f.1: reg 20: [io  0xffa0-0xffaf]
[    0.296057] pci 0000:00:1f.2: reg 10: [io  0xfe00-0xfe07]
[    0.296062] pci 0000:00:1f.2: reg 14: [io  0xfe10-0xfe13]
[    0.296066] pci 0000:00:1f.2: reg 18: [io  0xfe20-0xfe27]
[    0.296071] pci 0000:00:1f.2: reg 1c: [io  0xfe30-0xfe33]
[    0.296075] pci 0000:00:1f.2: reg 20: [io  0xfec0-0xfecf]
[    0.296095] pci 0000:00:1f.2: PME# supported from D3hot
[    0.296098] pci 0000:00:1f.2: PME# disabled
[    0.296134] pci 0000:00:1f.3: reg 20: [io  0xece0-0xecff]
[    0.296175] pci 0000:00:01.0: PCI bridge to [bus 01-01]
[    0.296178] pci 0000:00:01.0:   bridge window [io  0xf000-0x0000] (disabled)
[    0.296180] pci 0000:00:01.0:   bridge window [mem 0xfe500000-0xfe5fffff]
[    0.296184] pci 0000:00:01.0:   bridge window [mem 0xfff00000-0x000fffff pref] (disabled)
[    0.296250] pci 0000:02:00.0: reg 10: [mem 0xfe4f0000-0xfe4fffff 64bit]
[    0.296316] pci 0000:02:00.0: PME# supported from D3hot D3cold
[    0.296320] pci 0000:02:00.0: PME# disabled
[    0.296349] pci 0000:00:1c.0: PCI bridge to [bus 02-02]
[    0.296352] pci 0000:00:1c.0:   bridge window [io  0xf000-0x0000] (disabled)
[    0.296355] pci 0000:00:1c.0:   bridge window [mem 0xfe400000-0xfe4fffff]
[    0.296360] pci 0000:00:1c.0:   bridge window [mem 0xfff00000-0x000fffff pref] (disabled)
[    0.296413] pci 0000:00:1e.0: PCI bridge to [bus 03-03] (subtractive decode)
[    0.296416] pci 0000:00:1e.0:   bridge window [io  0xf000-0x0000] (disabled)
[    0.296419] pci 0000:00:1e.0:   bridge window [mem 0xfff00000-0x000fffff] (disabled)
[    0.296424] pci 0000:00:1e.0:   bridge window [mem 0xfff00000-0x000fffff pref] (disabled)
[    0.296426] pci 0000:00:1e.0:   bridge window [io  0x0000-0xffff] (subtractive decode)
[    0.296428] pci 0000:00:1e.0:   bridge window [mem 0x00000000-0xffffffff] (subtractive decode)
[    0.296439] pci_bus 0000:00: on NUMA node 0
[    0.296442] ACPI: PCI Interrupt Routing Table [\_SB_.PCI0._PRT]
[    0.296772] ACPI: PCI Interrupt Routing Table [\_SB_.PCI0.PCI4._PRT]
[    0.297046] ACPI: PCI Interrupt Routing Table [\_SB_.PCI0.PCI2._PRT]
[    0.297302] ACPI: PCI Interrupt Routing Table [\_SB_.PCI0.PCI1._PRT]
[    0.903461] ACPI: PCI Interrupt Link [LNKA] (IRQs 3 4 5 6 7 9 10 *11 12 15)
[    0.904179] ACPI: PCI Interrupt Link [LNKB] (IRQs 3 4 *5 6 7 9 10 11 12 15)
[    0.904554] ACPI: PCI Interrupt Link [LNKC] (IRQs 3 4 *5 6 7 9 10 11 12 15)
[    0.904927] ACPI: PCI Interrupt Link [LNKD] (IRQs 3 4 5 6 7 9 10 11 12 15) *0, disabled.
[    0.905289] ACPI: PCI Interrupt Link [LNKE] (IRQs 3 4 5 6 7 *9 10 11 12 15)
[    0.905686] ACPI: PCI Interrupt Link [LNKF] (IRQs 3 4 5 6 7 9 *10 11 12 15)
[    0.906052] ACPI: PCI Interrupt Link [LNKG] (IRQs 3 4 5 6 7 *9 10 11 12 15)
[    0.906416] ACPI: PCI Interrupt Link [LNKH] (IRQs *3 4 5 6 7 9 10 11 12 15)
[    0.906519] HEST: Table is not found!
[    0.906559] vgaarb: device added: PCI:0000:00:02.0,decodes=io+mem,owns=io+mem,locks=none
[    0.906567] vgaarb: loaded
[    0.906640] SCSI subsystem initialized
[    0.906646] libata version 3.00 loaded.
[    0.906646] usbcore: registered new interface driver usbfs
[    0.906646] usbcore: registered new interface driver hub
[    0.906646] usbcore: registered new device driver usb
[    0.906646] PCI: Using ACPI for IRQ routing
[    0.906646] PCI: pci_cache_line_size set to 64 bytes
[    0.906646] reserve RAM buffer: 000000000009fc00 - 000000000009ffff 
[    0.906646] reserve RAM buffer: 000000007dc08c00 - 000000007fffffff 
[    0.906646] NetLabel: Initializing
[    0.906646] NetLabel:  domain hash size = 128
[    0.906646] NetLabel:  protocols = UNLABELED CIPSOv4
[    0.906646] NetLabel:  unlabeled traffic allowed by default
[    0.906646] HPET: 3 timers in total, 0 timers will be used for per-cpu timer
[    0.906646] hpet0: at MMIO 0xfed00000, IRQs 2, 8, 0
[    0.906646] hpet0: 3 comparators, 64-bit 14.318180 MHz counter
[    0.909018] Switching to clocksource tsc
[    0.918310] pnp: PnP ACPI init
[    0.918325] ACPI: bus type pnp registered
[    0.923137] pnp 00:00: [bus 00-ff]
[    0.923139] pnp 00:00: [io  0x0cf8-0x0cff]
[    0.923141] pnp 00:00: [io  0x0000-0x0cf7 window]
[    0.923143] pnp 00:00: [io  0x0d00-0xffff window]
[    0.923145] pnp 00:00: [mem 0x000a0000-0x000bffff window]
[    0.923146] pnp 00:00: [mem 0x000c0000-0x000effff window]
[    0.923148] pnp 00:00: [mem 0x000f0000-0x000fffff window]
[    0.923150] pnp 00:00: [mem 0xf0000000-0xfec00000 window]
[    0.923152] pnp 00:00: [mem 0x80000000-0xdfffffff window]
[    0.923154] pnp 00:00: [mem 0xf0000000-0xefffffff window disabled]
[    0.923155] pnp 00:00: [mem 0xff980000-0xff980fff window]
[    0.923157] pnp 00:00: [mem 0xff97c000-0xff97ffff window]
[    0.923159] pnp 00:00: [mem 0xfed20000-0xfed9ffff window]
[    0.923191] pnp 00:00: Plug and Play ACPI device, IDs PNP0a03 (active)
[    0.925606] pnp 00:01: [io  0x0060]
[    0.925608] pnp 00:01: [io  0x0064]
[    0.925609] pnp 00:01: [io  0x0062-0x0063]
[    0.925611] pnp 00:01: [io  0x0065-0x006f]
[    0.925612] pnp 00:01: [io  0x00e0-0x00ef]
[    0.925614] pnp 00:01: [io  0x0800-0x085f]
[    0.925615] pnp 00:01: [io  0x0c00-0x0c7f]
[    0.925616] pnp 00:01: [io  0x0860-0x08ff]
[    0.925655] pnp 00:01: Plug and Play ACPI device, IDs PNP0c01 (active)
[    0.925847] pnp 00:02: [io  0x0080-0x009f]
[    0.925848] pnp 00:02: [io  0x0000-0x001f]
[    0.925850] pnp 00:02: [io  0x00c0-0x00df]
[    0.925852] pnp 00:02: [dma 4]
[    0.925876] pnp 00:02: Plug and Play ACPI device, IDs PNP0200 (active)
[    0.926010] pnp 00:03: [io  0x00f0-0x00ff]
[    0.926019] pnp 00:03: [irq 13]
[    0.926039] pnp 00:03: Plug and Play ACPI device, IDs PNP0c04 (active)
[    0.926163] pnp 00:04: [io  0x0061]
[    0.926183] pnp 00:04: Plug and Play ACPI device, IDs PNP0800 (active)
[    0.926328] pnp 00:05: [io  0x0070-0x007f]
[    0.926332] pnp 00:05: [irq 8]
[    0.926352] pnp 00:05: Plug and Play ACPI device, IDs PNP0b00 (active)
[    0.934366] pnp 00:06: [io  0x0378-0x037f]
[    0.934368] pnp 00:06: [io  0x0778-0x077f]
[    0.934372] pnp 00:06: [irq 7]
[    0.934374] pnp 00:06: [dma 0 disabled]
[    0.935360] pnp 00:06: Plug and Play ACPI device, IDs PNP0401 (active)
[    0.937983] pnp 00:07: [io  0x03f8-0x03ff]
[    0.937987] pnp 00:07: [irq 4]
[    0.938283] pnp 00:07: Plug and Play ACPI device, IDs PNP0501 (active)
[    0.946778] pnp 00:08: [mem 0xfed00000-0xfed003ff]
[    0.946803] pnp 00:08: Plug and Play ACPI device, IDs PNP0103 (active)
[    0.946807] pnp: PnP ACPI: found 9 devices
[    0.946808] ACPI: ACPI bus type pnp unregistered
[    0.946817] system 00:01: [io  0x0800-0x085f] has been reserved
[    0.946819] system 00:01: [io  0x0c00-0x0c7f] has been reserved
[    0.946821] system 00:01: [io  0x0860-0x08ff] has been reserved
[    0.982675] pci 0000:00:1c.0: BAR 15: assigned [mem 0x80000000-0x801fffff 64bit pref]
[    0.982678] pci 0000:00:1c.0: BAR 13: assigned [io  0x1000-0x1fff]
[    0.982680] pci 0000:00:01.0: PCI bridge to [bus 01-01]
[    0.982682] pci 0000:00:01.0:   bridge window [io  disabled]
[    0.982685] pci 0000:00:01.0:   bridge window [mem 0xfe500000-0xfe5fffff]
[    0.982687] pci 0000:00:01.0:   bridge window [mem pref disabled]
[    0.982690] pci 0000:00:1c.0: PCI bridge to [bus 02-02]
[    0.982693] pci 0000:00:1c.0:   bridge window [io  0x1000-0x1fff]
[    0.982696] pci 0000:00:1c.0:   bridge window [mem 0xfe400000-0xfe4fffff]
[    0.982700] pci 0000:00:1c.0:   bridge window [mem 0x80000000-0x801fffff 64bit pref]
[    0.982705] pci 0000:00:1e.0: PCI bridge to [bus 03-03]
[    0.982706] pci 0000:00:1e.0:   bridge window [io  disabled]
[    0.982710] pci 0000:00:1e.0:   bridge window [mem disabled]
[    0.982713] pci 0000:00:1e.0:   bridge window [mem pref disabled]
[    0.982724] pci 0000:00:01.0: PCI INT A -> GSI 16 (level, low) -> IRQ 16
[    0.982727] pci 0000:00:01.0: setting latency timer to 64
[    0.982733] pci 0000:00:1c.0: PCI INT A -> GSI 16 (level, low) -> IRQ 16
[    0.982736] pci 0000:00:1c.0: setting latency timer to 64
[    0.982741] pci 0000:00:1e.0: setting latency timer to 64
[    0.982744] pci_bus 0000:00: resource 0 [io  0x0000-0xffff]
[    0.982746] pci_bus 0000:00: resource 1 [mem 0x00000000-0xffffffff]
[    0.982748] pci_bus 0000:01: resource 1 [mem 0xfe500000-0xfe5fffff]
[    0.982749] pci_bus 0000:02: resource 0 [io  0x1000-0x1fff]
[    0.982751] pci_bus 0000:02: resource 1 [mem 0xfe400000-0xfe4fffff]
[    0.982753] pci_bus 0000:02: resource 2 [mem 0x80000000-0x801fffff 64bit pref]
[    0.982755] pci_bus 0000:03: resource 4 [io  0x0000-0xffff]
[    0.982756] pci_bus 0000:03: resource 5 [mem 0x00000000-0xffffffff]
[    0.982775] NET: Registered protocol family 2
[    0.982812] IP route cache hash table entries: 32768 (order: 5, 131072 bytes)
[    0.982924] TCP established hash table entries: 131072 (order: 8, 1048576 bytes)
[    0.983360] TCP bind hash table entries: 65536 (order: 7, 524288 bytes)
[    0.983568] TCP: Hash tables configured (established 131072 bind 65536)
[    0.983570] TCP reno registered
[    0.983573] UDP hash table entries: 512 (order: 2, 16384 bytes)
[    0.983581] UDP-Lite hash table entries: 512 (order: 2, 16384 bytes)
[    0.983662] NET: Registered protocol family 1
[    0.983674] pci 0000:00:02.0: Boot video device
[    0.983762] PCI: CLS 64 bytes, default 64
[    0.983803] Trying to unpack rootfs image as initramfs...
[    1.244597] Freeing initrd memory: 12696k freed
[    1.249736] Simple Boot Flag at 0x7a set to 0x1
[    1.250035] apm: BIOS version 1.2 Flags 0x03 (Driver version 1.16ac)
[    1.250037] apm: disabled - APM is not SMP safe.
[    1.250144] audit: initializing netlink socket (disabled)
[    1.250156] type=2000 audit(1312158519.249:1): initialized
[    1.259727] highmem bounce pool size: 64 pages
[    1.259732] HugeTLB registered 4 MB page size, pre-allocated 0 pages
[    1.260838] VFS: Disk quotas dquot_6.5.2
[    1.260884] Dquot-cache hash table entries: 1024 (order 0, 4096 bytes)
[    1.261256] msgmni has been set to 1689
[    1.261304] SELinux:  Registering netfilter hooks
[    1.261532] alg: No test for stdrng (krng)
[    1.261569] Block layer SCSI generic (bsg) driver version 0.4 loaded (major 253)
[    1.261572] io scheduler noop registered
[    1.261573] io scheduler deadline registered
[    1.261582] io scheduler cfq registered (default)
[    1.261706] pcieport 0000:00:01.0: setting latency timer to 64
[    1.261729] pcieport 0000:00:01.0: irq 40 for MSI/MSI-X
[    1.261777] pcieport 0000:00:1c.0: setting latency timer to 64
[    1.261805] pcieport 0000:00:1c.0: irq 41 for MSI/MSI-X
[    1.261881] pci_hotplug: PCI Hot Plug PCI Core version: 0.5
[    1.261925] pciehp: PCI Express Hot Plug Controller Driver version: 0.4
[    1.261927] acpiphp: ACPI Hot Plug PCI Controller Driver version: 0.5
[    1.262370] intel_idle: MWAIT substates: 0x22220
[    1.262371] intel_idle: does not run on family 6 model 23
[    1.262434] input: Power Button as /devices/LNXSYSTM:00/LNXSYBUS:00/PNP0C0C:00/input/input0
[    1.262439] ACPI: Power Button [VBTN]
[    1.262477] input: Power Button as /devices/LNXSYSTM:00/LNXPWRBN:00/input/input1
[    1.262480] ACPI: Power Button [PWRF]
[    1.263067] ACPI: acpi_idle registered with cpuidle
[    1.315285] ERST: Table is not found!
[    1.315304] isapnp: Scanning for PnP cards...
[    1.670889] isapnp: No Plug & Play device found
[    1.671186] Non-volatile memory driver v1.3
[    1.671187] Linux agpgart interface v0.103
[    1.671283] agpgart-intel 0000:00:00.0: Intel G41 Chipset
[    1.672148] agpgart-intel 0000:00:00.0: detected 32764K stolen memory
[    1.688354] agpgart-intel 0000:00:00.0: AGP aperture is 256M @ 0xd0000000
[    1.688423] Serial: 8250/16550 driver, 4 ports, IRQ sharing enabled
[    1.932306] serial8250: ttyS0 at I/O 0x3f8 (irq = 4) is a 16550A
[    1.932583] 00:07: ttyS0 at I/O 0x3f8 (irq = 4) is a 16550A
[    1.933545] brd: module loaded
[    1.933989] loop: module loaded
[    1.934072] ata_piix 0000:00:1f.1: version 2.13
[    1.934080] ata_piix 0000:00:1f.1: PCI INT A -> GSI 16 (level, low) -> IRQ 16
[    1.934106] ata_piix 0000:00:1f.1: setting latency timer to 64
[    1.934168] scsi0 : ata_piix
[    1.934230] scsi1 : ata_piix
[    1.934261] ata1: PATA max UDMA/100 cmd 0x1f0 ctl 0x3f6 bmdma 0xffa0 irq 14
[    1.934263] ata2: PATA max UDMA/100 cmd 0x170 ctl 0x376 bmdma 0xffa8 irq 15
[    1.934278] ata_piix 0000:00:1f.2: PCI INT C -> GSI 20 (level, low) -> IRQ 20
[    1.934282] ata_piix 0000:00:1f.2: MAP [ P0 P2 P1 P3 ]
[    1.934302] ata2: port disabled. ignoring.
[    1.934317] ata1: port disabled. ignoring.
[    2.085024] ata_piix 0000:00:1f.2: setting latency timer to 64
[    2.085087] scsi2 : ata_piix
[    2.085167] scsi3 : ata_piix
[    2.085217] ata3: SATA max UDMA/133 cmd 0xfe00 ctl 0xfe10 bmdma 0xfec0 irq 20
[    2.085219] ata4: SATA max UDMA/133 cmd 0xfe20 ctl 0xfe30 bmdma 0xfec8 irq 20
[    2.085335] Fixed MDIO Bus: probed
[    2.085372] ehci_hcd: USB 2.0 'Enhanced' Host Controller (EHCI) Driver
[    2.085385] ehci_hcd 0000:00:1d.7: PCI INT A -> GSI 21 (level, low) -> IRQ 21
[    2.085393] ehci_hcd 0000:00:1d.7: setting latency timer to 64
[    2.085396] ehci_hcd 0000:00:1d.7: EHCI Host Controller
[    2.085433] ehci_hcd 0000:00:1d.7: new USB bus registered, assigned bus number 1
[    2.085449] ehci_hcd 0000:00:1d.7: using broken periodic workaround
[    2.085457] ehci_hcd 0000:00:1d.7: debug port 1
[    2.089352] ehci_hcd 0000:00:1d.7: cache line size of 64 is not supported
[    2.089363] ehci_hcd 0000:00:1d.7: irq 21, io mem 0xff980000
[    2.099012] ehci_hcd 0000:00:1d.7: USB 2.0 started, EHCI 1.00
[    2.099038] usb usb1: New USB device found, idVendor=1d6b, idProduct=0002
[    2.099042] usb usb1: New USB device strings: Mfr=3, Product=2, SerialNumber=1
[    2.099045] usb usb1: Product: EHCI Host Controller
[    2.099048] usb usb1: Manufacturer: Linux 2.6.35.13-92.fc14.i686 ehci_hcd
[    2.099050] usb usb1: SerialNumber: 0000:00:1d.7
[    2.099189] hub 1-0:1.0: USB hub found
[    2.099195] hub 1-0:1.0: 8 ports detected
[    2.099262] ohci_hcd: USB 1.1 'Open' Host Controller (OHCI) Driver
[    2.099272] uhci_hcd: USB Universal Host Controller Interface driver
[    2.099287] uhci_hcd 0000:00:1d.0: PCI INT A -> GSI 21 (level, low) -> IRQ 21
[    2.099292] uhci_hcd 0000:00:1d.0: setting latency timer to 64
[    2.099294] uhci_hcd 0000:00:1d.0: UHCI Host Controller
[    2.099324] uhci_hcd 0000:00:1d.0: new USB bus registered, assigned bus number 2
[    2.099344] uhci_hcd 0000:00:1d.0: irq 21, io base 0x0000ff80
[    2.099366] usb usb2: New USB device found, idVendor=1d6b, idProduct=0001
[    2.099368] usb usb2: New USB device strings: Mfr=3, Product=2, SerialNumber=1
[    2.099370] usb usb2: Product: UHCI Host Controller
[    2.099372] usb usb2: Manufacturer: Linux 2.6.35.13-92.fc14.i686 uhci_hcd
[    2.099373] usb usb2: SerialNumber: 0000:00:1d.0
[    2.099442] hub 2-0:1.0: USB hub found
[    2.099446] hub 2-0:1.0: 2 ports detected
[    2.099490] uhci_hcd 0000:00:1d.1: PCI INT B -> GSI 22 (level, low) -> IRQ 22
[    2.099495] uhci_hcd 0000:00:1d.1: setting latency timer to 64
[    2.099497] uhci_hcd 0000:00:1d.1: UHCI Host Controller
[    2.099525] uhci_hcd 0000:00:1d.1: new USB bus registered, assigned bus number 3
[    2.099550] uhci_hcd 0000:00:1d.1: irq 22, io base 0x0000ff60
[    2.099573] usb usb3: New USB device found, idVendor=1d6b, idProduct=0001
[    2.099575] usb usb3: New USB device strings: Mfr=3, Product=2, SerialNumber=1
[    2.099576] usb usb3: Product: UHCI Host Controller
[    2.099578] usb usb3: Manufacturer: Linux 2.6.35.13-92.fc14.i686 uhci_hcd
[    2.099579] usb usb3: SerialNumber: 0000:00:1d.1
[    2.099645] hub 3-0:1.0: USB hub found
[    2.099647] hub 3-0:1.0: 2 ports detected
[    2.099693] uhci_hcd 0000:00:1d.2: PCI INT C -> GSI 18 (level, low) -> IRQ 18
[    2.099697] uhci_hcd 0000:00:1d.2: setting latency timer to 64
[    2.099699] uhci_hcd 0000:00:1d.2: UHCI Host Controller
[    2.099726] uhci_hcd 0000:00:1d.2: new USB bus registered, assigned bus number 4
[    2.099751] uhci_hcd 0000:00:1d.2: irq 18, io base 0x0000ff40
[    2.099773] usb usb4: New USB device found, idVendor=1d6b, idProduct=0001
[    2.099775] usb usb4: New USB device strings: Mfr=3, Product=2, SerialNumber=1
[    2.099777] usb usb4: Product: UHCI Host Controller
[    2.099778] usb usb4: Manufacturer: Linux 2.6.35.13-92.fc14.i686 uhci_hcd
[    2.099780] usb usb4: SerialNumber: 0000:00:1d.2
[    2.099847] hub 4-0:1.0: USB hub found
[    2.099850] hub 4-0:1.0: 2 ports detected
[    2.099894] uhci_hcd 0000:00:1d.3: PCI INT D -> GSI 23 (level, low) -> IRQ 23
[    2.099898] uhci_hcd 0000:00:1d.3: setting latency timer to 64
[    2.099900] uhci_hcd 0000:00:1d.3: UHCI Host Controller
[    2.099934] uhci_hcd 0000:00:1d.3: new USB bus registered, assigned bus number 5
[    2.099961] uhci_hcd 0000:00:1d.3: irq 23, io base 0x0000ff20
[    2.099985] usb usb5: New USB device found, idVendor=1d6b, idProduct=0001
[    2.099987] usb usb5: New USB device strings: Mfr=3, Product=2, SerialNumber=1
[    2.099988] usb usb5: Product: UHCI Host Controller
[    2.099990] usb usb5: Manufacturer: Linux 2.6.35.13-92.fc14.i686 uhci_hcd
[    2.099991] usb usb5: SerialNumber: 0000:00:1d.3
[    2.100068] hub 5-0:1.0: USB hub found
[    2.100071] hub 5-0:1.0: 2 ports detected
[    2.100154] PNP: No PS/2 controller found. Probing ports directly.
[    2.102939] serio: i8042 KBD port at 0x60,0x64 irq 1
[    2.102944] serio: i8042 AUX port at 0x60,0x64 irq 12
[    2.102977] mice: PS/2 mouse device common for all mice
[    2.103092] rtc_cmos 00:05: RTC can wake from S4
[    2.103122] rtc_cmos 00:05: rtc core: registered rtc_cmos as rtc0
[    2.103143] rtc0: alarms up to one day, 242 bytes nvram, hpet irqs
[    2.103218] device-mapper: uevent: version 1.0.3
[    2.103293] device-mapper: ioctl: 4.19.1-ioctl (2010-10-12) initialised: dm-devel@redhat.com
[    2.103358] cpuidle: using governor ladder
[    2.103359] cpuidle: using governor menu
[    2.103509] usbcore: registered new interface driver hiddev
[    2.103519] usbcore: registered new interface driver usbhid
[    2.103520] usbhid: USB HID core driver
[    2.103540] nf_conntrack version 0.5.0 (16384 buckets, 65536 max)
[    2.103628] CONFIG_NF_CT_ACCT is deprecated and will be removed soon. Please use
[    2.103629] nf_conntrack.acct=1 kernel parameter, acct=1 nf_conntrack module option or
[    2.103631] sysctl net.netfilter.nf_conntrack_acct=1 to enable it.
[    2.103685] ip_tables: (C) 2000-2006 Netfilter Core Team
[    2.103697] TCP cubic registered
[    2.103698] Initializing XFRM netlink socket
[    2.103705] NET: Registered protocol family 17
[    2.103724] Using IPI No-Shortcut mode
[    2.103783] PM: Resume from disk failed.
[    2.103792] registered taskstats version 1
[    2.103960]   Magic number: 7:9:455
[    2.104009] rtc_cmos 00:05: setting system clock to 2011-08-01 00:28:40 UTC (1312158520)
[    2.104031] Initalizing network drop monitor service
[    2.236205] ata4.01: NODEV after polling detection
[    2.239212] ata4.00: ATAPI: HL-DT-ST DVD-ROM DH40N, A100, max UDMA/100
[    2.239346] ata3.00: ATA-8: WDC WD5000AAKX-753CA1, 17.01H17, max UDMA/133
[    2.239348] ata3.00: 976773168 sectors, multi 8: LBA48 NCQ (depth 0/32)
[    2.245222] ata4.00: configured for UDMA/100
[    2.245366] ata3.00: configured for UDMA/133
[    2.245502] scsi 2:0:0:0: Direct-Access     ATA      WDC WD5000AAKX-7 17.0 PQ: 0 ANSI: 5
[    2.245668] sd 2:0:0:0: [sda] 976773168 512-byte logical blocks: (500 GB/465 GiB)
[    2.245673] sd 2:0:0:0: Attached scsi generic sg0 type 0
[    2.245741] sd 2:0:0:0: [sda] Write Protect is off
[    2.245743] sd 2:0:0:0: [sda] Mode Sense: 00 3a 00 00
[    2.245760] sd 2:0:0:0: [sda] Write cache: enabled, read cache: enabled, doesn't support DPO or FUA
[    2.245881]  sda:
[    2.248008] scsi 3:0:0:0: CD-ROM            HL-DT-ST DVD-ROM DH40N    A100 PQ: 0 ANSI: 5
[    2.252824]  sda1 sda2 sda3
[    2.252963] sr0: scsi3-mmc drive: 12x/48x cd/rw xa/form2 cdda tray
[    2.252966] Uniform CD-ROM driver Revision: 3.20
[    2.253049] sr 3:0:0:0: Attached scsi CD-ROM sr0
[    2.253085] sr 3:0:0:0: Attached scsi generic sg1 type 5
[    2.264867] sd 2:0:0:0: [sda] Attached SCSI disk
[    2.264878] Freeing unused kernel memory: 544k freed
[    2.265069] Write protecting the kernel text: 3772k
[    2.265106] Write protecting the kernel read-only data: 1836k
[    2.274426] dracut: dracut-006-6.fc14
[    2.278124] dracut: rd_NO_LUKS: removing cryptoluks activation
[    2.278826] dracut: rd_NO_LVM: removing LVM activation
[    2.283582] udev[80]: starting version 161
[    2.323505] [drm] Initialized drm 1.1.0 20060810
[    2.339558] i915 0000:00:02.0: PCI INT A -> GSI 16 (level, low) -> IRQ 16
[    2.339562] i915 0000:00:02.0: setting latency timer to 64
[    2.353768] i915 0000:00:02.0: irq 42 for MSI/MSI-X
[    2.353778] [drm] set up 31M of stolen space
[    2.517454] fbcon: inteldrmfb (fb0) is primary device
[    2.564403] Console: switching to colour frame buffer device 170x48
[    2.567723] fb0: inteldrmfb frame buffer device
[    2.567724] drm: registered panic notifier
[    2.567727] Slow work thread pool: Starting up
[    2.567766] Slow work thread pool: Ready
[    2.567781] [drm] Initialized i915 1.6.0 20080730 for 0000:00:02.0 on minor 0
[    2.608017] usb 3-2: new low speed USB device using uhci_hcd and address 2
[    2.612994] dracut: Starting plymouth daemon
[    2.802559] usb 3-2: New USB device found, idVendor=413c, idProduct=2105
[    2.802564] usb 3-2: New USB device strings: Mfr=1, Product=2, SerialNumber=0
[    2.802567] usb 3-2: Product: Dell USB Keyboard
[    2.802570] usb 3-2: Manufacturer: Dell
[    2.821643] dracut: rd_NO_DM: removing DM RAID activation
[    2.824119] dracut: rd_NO_MD: removing MD RAID activation
[    2.873775] input: Dell Dell USB Keyboard as /devices/pci0000:00/0000:00:1d.1/usb3/3-2/3-2:1.0/input/input2
[    2.873854] generic-usb 0003:413C:2105.0001: input,hidraw0: USB HID v1.10 Keyboard [Dell Dell USB Keyboard] on usb-0000:00:1d.1-2/input0
[    3.079016] usb 4-2: new low speed USB device using uhci_hcd and address 2
[    3.176358] EXT4-fs (sda1): mounted filesystem with ordered data mode. Opts: (null)
[    3.232697] dracut: Mounted root filesystem /dev/sda1
[    3.241733] usb 4-2: New USB device found, idVendor=046d, idProduct=c05a
[    3.241736] usb 4-2: New USB device strings: Mfr=1, Product=2, SerialNumber=0
[    3.241738] usb 4-2: Product: USB Optical Mouse
[    3.241739] usb 4-2: Manufacturer: Logitech
[    3.259987] input: Logitech USB Optical Mouse as /devices/pci0000:00/0000:00:1d.2/usb4/4-2/4-2:1.0/input/input3
[    3.260077] generic-usb 0003:046D:C05A.0002: input,hidraw1: USB HID v1.11 Mouse [Logitech USB Optical Mouse] on usb-0000:00:1d.2-2/input0
[    3.329264] dracut: Loading SELinux policy
[    3.561785] type=1404 audit(1312158521.955:2): enforcing=1 old_enforcing=0 auid=4294967295 ses=4294967295
[    3.659665] SELinux: 2048 avtab hash slots, 216432 rules.
[    3.719844] SELinux: 2048 avtab hash slots, 216432 rules.
[    3.870335] SELinux:  9 users, 14 roles, 3534 types, 185 bools, 1 sens, 1024 cats
[    3.870339] SELinux:  81 classes, 216432 rules
[    3.874498] SELinux:  Completing initialization.
[    3.874499] SELinux:  Setting up existing superblocks.
[    3.874505] SELinux: initialized (dev sysfs, type sysfs), uses genfs_contexts
[    3.874511] SELinux: initialized (dev rootfs, type rootfs), uses genfs_contexts
[    3.874899] SELinux: initialized (dev bdev, type bdev), uses genfs_contexts
[    3.874903] SELinux: initialized (dev proc, type proc), uses genfs_contexts
[    3.874910] SELinux: initialized (dev tmpfs, type tmpfs), uses transition SIDs
[    3.874927] SELinux: initialized (dev devtmpfs, type devtmpfs), uses transition SIDs
[    3.875569] SELinux: initialized (dev sockfs, type sockfs), uses task SIDs
[    3.875574] SELinux: initialized (dev debugfs, type debugfs), uses genfs_contexts
[    3.876796] SELinux: initialized (dev pipefs, type pipefs), uses task SIDs
[    3.876802] SELinux: initialized (dev anon_inodefs, type anon_inodefs), uses genfs_contexts
[    3.876805] SELinux: initialized (dev devpts, type devpts), uses transition SIDs
[    3.876819] SELinux: initialized (dev hugetlbfs, type hugetlbfs), uses transition SIDs
[    3.876829] SELinux: initialized (dev mqueue, type mqueue), uses transition SIDs
[    3.876836] SELinux: initialized (dev selinuxfs, type selinuxfs), uses genfs_contexts
[    3.876854] SELinux: initialized (dev usbfs, type usbfs), uses genfs_contexts
[    3.876862] SELinux: initialized (dev sysfs, type sysfs), uses genfs_contexts
[    3.877371] SELinux: initialized (dev tmpfs, type tmpfs), uses transition SIDs
[    3.877382] SELinux: initialized (dev sda1, type ext4), uses xattr
[    3.879193] type=1403 audit(1312158522.273:3): policy loaded auid=4294967295 ses=4294967295
[    4.206665] dracut: Switching root
[    5.005008] readahead: starting
[    5.813784] udev[431]: starting version 161
[    6.811703] tg3.c:v3.110 (April 9, 2010)
[    6.811719] tg3 0000:02:00.0: PCI INT A -> GSI 16 (level, low) -> IRQ 16
[    6.811727] tg3 0000:02:00.0: setting latency timer to 64
[    6.917842] microcode: CPU0 sig=0x1067a, pf=0x1, revision=0xa0b
[    6.917848] microcode: CPU1 sig=0x1067a, pf=0x1, revision=0xa0b
[    6.918099] microcode: Microcode Update Driver: v2.00 <tigran@aivazian.fsnet.co.uk>, Peter Oruba
[    6.928100] dcdbas dcdbas: Dell Systems Management Base Driver (version 5.6.0-3.2)
[    7.199760] intel_rng: Firmware space is locked read-only. If you can't or
[    7.199761] intel_rng: don't want to disable this in firmware setup, and if
[    7.199762] intel_rng: you are certain that your system has a functional
[    7.199763] intel_rng: RNG, try using the 'no_fwh_detect' option.
[    7.200264] i801_smbus 0000:00:1f.3: PCI INT B -> GSI 17 (level, low) -> IRQ 17
[    7.206948] parport_pc 00:06: reported by Plug and Play ACPI
[    7.207000] parport0: PC-style at 0x378 (0x778), irq 7 [PCSPP,TRISTATE]
[    7.236539] ACPI: WMI: Mapper loaded
[    7.241756] tg3 mdio bus: probed
[    7.246367] tg3 0000:02:00.0: eth0: Tigon3 [partno(BCM57780) rev 57780001] (PCI Express) MAC address bc:30:5b:c8:67:07
[    7.246370] tg3 0000:02:00.0: eth0: attached PHY driver [Broadcom BCM57780] (mii_bus:phy_addr=200:01)
[    7.246372] tg3 0000:02:00.0: eth0: RXcsums[1] LinkChgREG[0] MIirq[0] ASF[0] TSOcap[1]
[    7.246374] tg3 0000:02:00.0: eth0: dma_rwctrl[76180000] dma_mask[64-bit]
[    7.437498] input: Dell WMI hotkeys as /devices/virtual/input/input4
[    7.535657] iTCO_vendor_support: vendor-support=0
[    7.565163] iTCO_wdt: Intel TCO WatchDog Timer Driver v1.06
[    7.565226] iTCO_wdt: unable to reset NO_REBOOT flag, platform may have disabled it
[    7.585763] leds_ss4200: no LED devices found
[    7.596957] ppdev: user-space parallel port driver
[    7.803817] HDA Intel 0000:00:1b.0: PCI INT A -> GSI 16 (level, low) -> IRQ 16
[    7.803856] HDA Intel 0000:00:1b.0: irq 43 for MSI/MSI-X
[    7.803876] HDA Intel 0000:00:1b.0: setting latency timer to 64
[    7.922243] hda_codec: ALC269: SKU not ready 0x411111f0
[    7.922310] hda_codec: ALC259: BIOS auto-probing.
[    7.922313] ALSA sound/pci/hda/hda_codec.c:4435: autoconfig: line_outs=1 (0x1b/0x0/0x0/0x0/0x0)
[    7.922316] ALSA sound/pci/hda/hda_codec.c:4439:    speaker_outs=1 (0x14/0x0/0x0/0x0/0x0)
[    7.922319] ALSA sound/pci/hda/hda_codec.c:4443:    hp_outs=1 (0x1a/0x0/0x0/0x0/0x0)
[    7.922321] ALSA sound/pci/hda/hda_codec.c:4444:    mono: mono_out=0x0
[    7.922323] ALSA sound/pci/hda/hda_codec.c:4455:    inputs: mic=0x19, fmic=0x18, line=0x0, fline=0x0, cd=0x0, aux=0x0
[    7.922761] ALSA sound/pci/hda/patch_realtek.c:1358: realtek: No valid SSID, checking pincfg 0x411111f0 for NID 0x1d
[    7.922764] ALSA sound/pci/hda/patch_realtek.c:1442: realtek: Enable default setup for auto mode as fallback
[    9.715853] EXT4-fs (sda1): re-mounted. Opts: (null)
[   10.158208] EXT4-fs (sda3): mounted filesystem with ordered data mode. Opts: (null)
[   10.158217] SELinux: initialized (dev sda3, type ext4), uses xattr
[   10.991684] Adding 4095996k swap on /dev/sda2.  Priority:-1 extents:1 across:4095996k 
[   10.994258] SELinux: initialized (dev binfmt_misc, type binfmt_misc), uses genfs_contexts
[   11.737154] NET: Registered protocol family 10
[   11.737340] lo: Disabled Privacy Extensions
[   11.758186] ip6_tables: (C) 2000-2006 Netfilter Core Team
[   14.445311] tg3 0000:02:00.0: irq 44 for MSI/MSI-X
[   14.456684] ADDRCONF(NETDEV_UP): eth0: link is not ready
[   14.492715] RPC: Registered udp transport module.
[   14.492717] RPC: Registered tcp transport module.
[   14.492719] RPC: Registered tcp NFSv4.1 backchannel transport module.
[   14.497997] SELinux: initialized (dev rpc_pipefs, type rpc_pipefs), uses genfs_contexts
[   15.263049] tg3 0000:02:00.0: eth0: Link is down
[   16.178218] NET: Registered protocol family 15
[   16.227859] intel_rng: Firmware space is locked read-only. If you can't or
[   16.227861] intel_rng: don't want to disable this in firmware setup, and if
[   16.227863] intel_rng: you are certain that your system has a functional
[   16.227865] intel_rng: RNG, try using the 'no_fwh_detect' option.
[   16.264938] tg3 0000:02:00.0: eth0: Link is up at 100 Mbps, full duplex
[   16.264940] tg3 0000:02:00.0: eth0: Flow control is on for TX and on for RX
[   16.265098] ADDRCONF(NETDEV_CHANGE): eth0: link becomes ready
[   16.399077] padlock: VIA PadLock not detected.
[   16.409464] padlock: VIA PadLock Hash Engine not detected.
[   16.458312] padlock: VIA PadLock not detected.
[   17.319244] alg: No test for cipher_null (cipher_null-generic)
[   17.319267] alg: No test for ecb(cipher_null) (ecb-cipher_null)
[   17.319288] alg: No test for digest_null (digest_null-generic)
[   17.319308] alg: No test for compress_null (compress_null-generic)
[   18.253906] Bridge firewalling registered
[   18.634316] Ebtables v2.0 registered
[   19.061783] SELinux: initialized (dev mqueue, type mqueue), uses transition SIDs
[   19.061845] SELinux: initialized (dev proc, type proc), uses genfs_contexts
[   19.071899] SELinux: initialized (dev mqueue, type mqueue), uses transition SIDs
[   19.072765] lo: Disabled Privacy Extensions
[   19.072818] SELinux: initialized (dev proc, type proc), uses genfs_contexts
[   27.266031] eth0: no IPv6 routers present
[   82.976504] fuse init (API version 7.14)
[   82.991153] SELinux: initialized (dev fusectl, type fusectl), uses genfs_contexts
[   83.049512] SELinux: initialized (dev fuse, type fuse), uses genfs_contexts
[  428.823077] TCP lp registered
[ 1205.629027] usb 1-8: new high speed USB device using ehci_hcd and address 4
[ 1205.743483] usb 1-8: New USB device found, idVendor=ffee, idProduct=0100
[ 1205.743488] usb 1-8: New USB device strings: Mfr=0, Product=0, SerialNumber=0
[ 1205.873336] Initializing USB Mass Storage driver...
[ 1205.874458] scsi4 : usb-storage 1-8:1.0
[ 1205.874543] usbcore: registered new interface driver usb-storage
[ 1205.874545] USB Mass Storage support registered.
[ 1208.421408] scsi 4:0:0:0: Direct-Access     FNK TECH                  1.30 PQ: 0 ANSI: 2
[ 1208.422239] sd 4:0:0:0: Attached scsi generic sg2 type 0
[ 1208.448645] sd 4:0:0:0: [sdb] Attached SCSI removable disk
[ 1221.611151] sd 4:0:0:0: [sdb] 3862528 512-byte logical blocks: (1.97 GB/1.84 GiB)
[ 1221.611645] sd 4:0:0:0: [sdb] Assuming drive cache: write through
[ 1221.612770] sd 4:0:0:0: [sdb] Assuming drive cache: write through
[ 1221.612777]  sdb:
[ 1221.897097] SELinux: initialized (dev sdb, type vfat), uses genfs_contexts
[ 1225.162531] sd 4:0:0:0: [sdb] Device not ready
[ 1225.162535] sd 4:0:0:0: [sdb] Result: hostbyte=DID_OK driverbyte=DRIVER_SENSE
[ 1225.162540] sd 4:0:0:0: [sdb] Sense Key : Not Ready [current] 
[ 1225.162545] sd 4:0:0:0: [sdb] Add. Sense: Medium not present
[ 1225.162551] sd 4:0:0:0: [sdb] CDB: Read(10): 28 00 00 00 0a 27 00 00 f0 00
[ 1225.162562] end_request: I/O error, dev sdb, sector 2599
[ 1225.165019] sd 4:0:0:0: [sdb] Device not ready
[ 1225.165023] sd 4:0:0:0: [sdb] Result: hostbyte=DID_OK driverbyte=DRIVER_SENSE
[ 1225.165027] sd 4:0:0:0: [sdb] Sense Key : Not Ready [current] 
[ 1225.165032] sd 4:0:0:0: [sdb] Add. Sense: Medium not present
[ 1225.165038] sd 4:0:0:0: [sdb] CDB: Read(10): 28 00 00 00 0a 28 00 00 ef 00
[ 1225.165051] end_request: I/O error, dev sdb, sector 2600
[ 1225.168099] VFS: busy inodes on changed media or resized disk sdb
[ 1225.169756] sd 4:0:0:0: [sdb] Device not ready
[ 1225.169760] sd 4:0:0:0: [sdb] Result: hostbyte=DID_OK driverbyte=DRIVER_SENSE
[ 1225.169763] sd 4:0:0:0: [sdb] Sense Key : Not Ready [current] 
[ 1225.169767] sd 4:0:0:0: [sdb] Add. Sense: Medium not present
[ 1225.169772] sd 4:0:0:0: [sdb] CDB: Read(10): 28 00 00 00 0b 17 00 00 0f 00
[ 1225.169780] end_request: I/O error, dev sdb, sector 2839
[ 1225.172147] FAT: FAT read failed (blocknr 2599)
[ 1225.175754] sd 4:0:0:0: [sdb] Device not ready
[ 1225.175757] sd 4:0:0:0: [sdb] Result: hostbyte=DID_OK driverbyte=DRIVER_SENSE
[ 1225.175760] sd 4:0:0:0: [sdb] Sense Key : Not Ready [current] 
[ 1225.175763] sd 4:0:0:0: [sdb] Add. Sense: Medium not present
[ 1225.175766] sd 4:0:0:0: [sdb] CDB: Read(10): 28 00 00 26 2a e0 00 00 08 00
[ 1225.175773] end_request: I/O error, dev sdb, sector 2501344
[ 1225.175813] FAT: Directory bread(block 2501344) failed
[ 1225.175829] FAT: Directory bread(block 2501345) failed
[ 1225.175840] FAT: Directory bread(block 2501346) failed
[ 1225.175850] FAT: Directory bread(block 2501347) failed
[ 1225.175860] FAT: Directory bread(block 2501348) failed
[ 1225.175878] FAT: Directory bread(block 2501349) failed
[ 1225.175888] FAT: Directory bread(block 2501350) failed
[ 1225.175898] FAT: Directory bread(block 2501351) failed
[ 1225.176006] FAT: Directory bread(block 2501344) failed
[ 1225.176016] FAT: Directory bread(block 2501345) failed
[ 1225.176026] FAT: Directory bread(block 2501346) failed
[ 1225.176035] FAT: Directory bread(block 2501347) failed
[ 1225.176045] FAT: Directory bread(block 2501348) failed
[ 1225.176055] FAT: Directory bread(block 2501349) failed
[ 1225.176384] FAT: Directory bread(block 2501350) failed
[ 1225.176398] FAT: Directory bread(block 2501351) failed
[ 1225.184027] FAT: FAT read failed (blocknr 2473)
[ 1225.184253] VFS: busy inodes on changed media or resized disk sdb
[ 1225.194514] VFS: busy inodes on changed media or resized disk sdb
[ 1225.201252] VFS: busy inodes on changed media or resized disk sdb
[ 1225.206766] VFS: busy inodes on changed media or resized disk sdb
[ 1225.611127] sd 4:0:0:0: [sdb] 3862528 512-byte logical blocks: (1.97 GB/1.84 GiB)
[ 1225.611616] sd 4:0:0:0: [sdb] Assuming drive cache: write through
[ 1225.612743] sd 4:0:0:0: [sdb] Assuming drive cache: write through
[ 1225.612750]  sdb:
[ 1225.944119] SELinux: initialized (dev sdb, type vfat), uses genfs_contexts
[ 1261.126032] usb 1-8: reset high speed USB device using ehci_hcd and address 4
[ 1276.228026] usb 1-8: device descriptor read/64, error -110
[ 1276.827193] usb 1-8: USB disconnect, address 4
[ 1276.827205] sd 4:0:0:0: Device offlined - not ready after error recovery
[ 1276.827216] sd 4:0:0:0: [sdb] Unhandled error code
[ 1276.827219] sd 4:0:0:0: [sdb] Result: hostbyte=DID_ABORT driverbyte=DRIVER_OK
[ 1276.827223] sd 4:0:0:0: [sdb] CDB: Read(10): 28 00 00 26 2a e0 00 00 08 00
[ 1276.827233] end_request: I/O error, dev sdb, sector 2501344
[ 1276.827246] sd 4:0:0:0: rejecting I/O to offline device
[ 1276.827298] FAT: Directory bread(block 2501344) failed
[ 1276.827311] FAT: Directory bread(block 2501345) failed
[ 1276.827319] FAT: Directory bread(block 2501346) failed
[ 1276.827327] FAT: Directory bread(block 2501347) failed
[ 1276.827335] FAT: Directory bread(block 2501348) failed
[ 1276.827342] FAT: Directory bread(block 2501349) failed
[ 1276.827350] FAT: Directory bread(block 2501350) failed
[ 1276.827358] FAT: Directory bread(block 2501351) failed
[ 1276.829847] FAT: Directory bread(block 2501336) failed
[ 1276.829872] FAT: Directory bread(block 2501337) failed
[ 1276.829887] FAT: Directory bread(block 2501338) failed
[ 1276.829902] FAT: Directory bread(block 2501339) failed
[ 1276.829916] FAT: Directory bread(block 2501340) failed
[ 1276.829931] FAT: Directory bread(block 2501341) failed
[ 1276.829946] FAT: Directory bread(block 2501342) failed
[ 1276.829960] FAT: Directory bread(block 2501343) failed
[ 1276.830291] FAT: Directory bread(block 2501336) failed
[ 1276.830303] FAT: Directory bread(block 2501337) failed
[ 1276.830368] VFS: busy inodes on changed media or resized disk sdb
[ 1276.830555] FAT: Directory bread(block 2501338) failed
[ 1276.830569] FAT: Directory bread(block 2501339) failed
[ 1276.830578] FAT: Directory bread(block 2501340) failed
[ 1276.830588] FAT: Directory bread(block 2501341) failed
[ 1276.830597] FAT: Directory bread(block 2501342) failed
[ 1276.830606] FAT: Directory bread(block 2501343) failed
[ 1276.830663] FAT: Directory bread(block 2501328) failed
[ 1276.830672] FAT: Directory bread(block 2501329) failed
[ 1276.830681] FAT: Directory bread(block 2501330) failed
[ 1276.830691] FAT: Directory bread(block 2501331) failed
[ 1276.830702] FAT: Directory bread(block 2501332) failed
[ 1276.830709] FAT: Directory bread(block 2501333) failed
[ 1276.830714] FAT: Directory bread(block 2501334) failed
[ 1276.830719] FAT: Directory bread(block 2501335) failed
[ 1276.830770] FAT: Directory bread(block 2501480) failed
[ 1276.830775] FAT: Directory bread(block 2501481) failed
[ 1276.830780] FAT: Directory bread(block 2501482) failed
[ 1276.830785] FAT: Directory bread(block 2501483) failed
[ 1276.830789] FAT: Directory bread(block 2501484) failed
[ 1276.830794] FAT: Directory bread(block 2501485) failed
[ 1276.830798] FAT: Directory bread(block 2501486) failed
[ 1276.830803] FAT: Directory bread(block 2501487) failed
[ 1276.838115] FAT: FAT read failed (blocknr 2473)
[ 1276.838125] FAT: Directory bread(block 7568) failed
[ 1276.838138] FAT: unable to read inode block for updating (i_pos 40021251)
[ 1276.838150] FAT: Directory bread(block 7569) failed
[ 1276.838161] FAT: Directory bread(block 7570) failed
[ 1276.838173] FAT: Directory bread(block 7571) failed
[ 1276.838182] FAT: Directory bread(block 7572) failed
[ 1276.838185] VFS: busy inodes on changed media or resized disk sdb
[ 1276.838193] FAT: Directory bread(block 7573) failed
[ 1276.838203] FAT: Directory bread(block 7574) failed
[ 1276.838214] FAT: Directory bread(block 7575) failed
[ 1276.838234] FAT: bread failed in fat_clusters_flush
[ 1276.838275] FAT: Directory bread(block 7568) failed
[ 1276.838285] FAT: Directory bread(block 7569) failed
[ 1276.838294] FAT: Directory bread(block 7570) failed
[ 1276.838304] FAT: Directory bread(block 7571) failed
[ 1276.838313] FAT: Directory bread(block 7572) failed
[ 1276.838322] FAT: Directory bread(block 7573) failed
[ 1276.838331] FAT: Directory bread(block 7574) failed
[ 1276.838340] FAT: Directory bread(block 7575) failed
[ 1276.841461] FAT: bread failed in fat_clusters_flush
[ 1353.548016] usb 1-7: new high speed USB device using ehci_hcd and address 5
[ 1353.662402] usb 1-7: New USB device found, idVendor=ffee, idProduct=0100
[ 1353.662406] usb 1-7: New USB device strings: Mfr=0, Product=0, SerialNumber=0
[ 1353.662763] scsi5 : usb-storage 1-7:1.0
[ 1356.321829] scsi 5:0:0:0: Direct-Access     FNK TECH                  1.30 PQ: 0 ANSI: 2
[ 1356.322567] sd 5:0:0:0: Attached scsi generic sg2 type 0
[ 1356.347938] sd 5:0:0:0: [sdb] Attached SCSI removable disk
[ 1369.191969] usb 1-7: USB disconnect, address 5
[ 1389.323026] usb 1-8: new high speed USB device using ehci_hcd and address 6
[ 1389.437333] usb 1-8: New USB device found, idVendor=ffee, idProduct=0100
[ 1389.437338] usb 1-8: New USB device strings: Mfr=0, Product=0, SerialNumber=0
[ 1389.438217] scsi6 : usb-storage 1-8:1.0
[ 1390.439687] scsi 6:0:0:0: Direct-Access     FNK TECH                  1.30 PQ: 0 ANSI: 2
[ 1390.443554] sd 6:0:0:0: Attached scsi generic sg2 type 0
[ 1390.447052] sd 6:0:0:0: [sdb] 3862528 512-byte logical blocks: (1.97 GB/1.84 GiB)
[ 1390.450449] sd 6:0:0:0: [sdb] Write Protect is off
[ 1390.450454] sd 6:0:0:0: [sdb] Mode Sense: 03 00 00 00
[ 1390.450457] sd 6:0:0:0: [sdb] Assuming drive cache: write through
[ 1390.460053] sd 6:0:0:0: [sdb] Assuming drive cache: write through
[ 1390.460061]  sdb:
[ 1390.465047] sd 6:0:0:0: [sdb] Assuming drive cache: write through
[ 1390.465050] sd 6:0:0:0: [sdb] Attached SCSI removable disk
[ 1390.706552] SELinux: initialized (dev sdb, type vfat), uses genfs_contexts
[ 1422.150085] usb 1-8: reset high speed USB device using ehci_hcd and address 6
[ 1437.252016] usb 1-8: device descriptor read/64, error -110
[ 1452.455022] usb 1-8: device descriptor read/64, error -110
[ 1452.658089] usb 1-8: reset high speed USB device using ehci_hcd and address 6
[ 1467.760027] usb 1-8: device descriptor read/64, error -110
[ 1482.963025] usb 1-8: device descriptor read/64, error -110
[ 1483.166031] usb 1-8: reset high speed USB device using ehci_hcd and address 6
[ 1493.568014] usb 1-8: device not accepting address 6, error -110
[ 1493.670027] usb 1-8: reset high speed USB device using ehci_hcd and address 6
[ 1494.179014] usb 1-8: device not accepting address 6, error -71
[ 1494.179042] usb 1-8: USB disconnect, address 6
[ 1494.179057] sd 6:0:0:0: Device offlined - not ready after error recovery
[ 1494.179069] sd 6:0:0:0: [sdb] Unhandled error code
[ 1494.179072] sd 6:0:0:0: [sdb] Result: hostbyte=DID_ABORT driverbyte=DRIVER_OK
[ 1494.179076] sd 6:0:0:0: [sdb] CDB: Read(10): 28 00 00 26 2a e0 00 00 08 00
[ 1494.179088] end_request: I/O error, dev sdb, sector 2501344
[ 1494.179101] sd 6:0:0:0: rejecting I/O to offline device
[ 1494.179145] FAT: Directory bread(block 2501344) failed
[ 1494.179156] FAT: Directory bread(block 2501345) failed
[ 1494.179163] FAT: Directory bread(block 2501346) failed
[ 1494.179170] FAT: Directory bread(block 2501347) failed
[ 1494.179177] FAT: Directory bread(block 2501348) failed
[ 1494.179184] FAT: Directory bread(block 2501349) failed
[ 1494.179192] FAT: Directory bread(block 2501350) failed
[ 1494.179198] FAT: Directory bread(block 2501351) failed
[ 1494.179379] FAT: Directory bread(block 2501344) failed
[ 1494.179387] FAT: Directory bread(block 2501345) failed
[ 1494.179393] FAT: Directory bread(block 2501346) failed
[ 1494.179400] FAT: Directory bread(block 2501347) failed
[ 1494.179407] FAT: Directory bread(block 2501348) failed
[ 1494.179413] FAT: Directory bread(block 2501349) failed
[ 1494.179420] FAT: Directory bread(block 2501350) failed
[ 1494.179426] FAT: Directory bread(block 2501351) failed
[ 1494.183689] FAT: Directory bread(block 2501336) failed
[ 1494.183709] FAT: Directory bread(block 2501337) failed
[ 1494.183724] FAT: Directory bread(block 2501338) failed
[ 1494.183739] FAT: Directory bread(block 2501339) failed
[ 1494.184087] FAT: Directory bread(block 2501340) failed
[ 1494.184102] FAT: Directory bread(block 2501341) failed
[ 1494.184111] FAT: Directory bread(block 2501342) failed
[ 1494.184121] FAT: Directory bread(block 2501343) failed
[ 1494.184155] FAT: Directory bread(block 2501328) failed
[ 1494.184673] VFS: busy inodes on changed media or resized disk sdb
[ 1494.185609] FAT: FAT read failed (blocknr 2478)
[ 1494.185726] FAT: Directory bread(block 7568) failed
[ 1494.185735] FAT: Directory bread(block 7569) failed
[ 1494.185744] FAT: Directory bread(block 7570) failed
[ 1494.185753] FAT: Directory bread(block 7571) failed
[ 1494.185761] FAT: Directory bread(block 7572) failed
[ 1494.185770] FAT: Directory bread(block 7573) failed
[ 1494.185779] FAT: Directory bread(block 7574) failed
[ 1494.185787] FAT: Directory bread(block 7575) failed
[ 1494.185820] FAT: bread failed in fat_clusters_flush
[ 1494.185843] FAT: FAT read failed (blocknr 2473)
[ 1494.185853] FAT: unable to read inode block for updating (i_pos 40021251)
[ 1494.187634] VFS: busy inodes on changed media or resized disk sdb
[ 1494.195107] FAT: Directory bread(block 7568) failed
[ 1494.195118] FAT: Directory bread(block 7569) failed
[ 1494.195125] FAT: Directory bread(block 7570) failed
[ 1494.195131] FAT: Directory bread(block 7571) failed
[ 1494.195138] FAT: Directory bread(block 7572) failed
[ 1494.195191] FAT: Directory bread(block 7573) failed
[ 1494.195202] FAT: Directory bread(block 7574) failed
[ 1494.195211] FAT: Directory bread(block 7575) failed
[ 1553.662028] usb 1-8: new high speed USB device using ehci_hcd and address 7
[ 1553.776421] usb 1-8: New USB device found, idVendor=ffee, idProduct=0100
[ 1553.776425] usb 1-8: New USB device strings: Mfr=0, Product=0, SerialNumber=0
[ 1553.778122] scsi7 : usb-storage 1-8:1.0
[ 1554.778649] scsi 7:0:0:0: Direct-Access     FNK TECH                  1.30 PQ: 0 ANSI: 2
[ 1554.779601] sd 7:0:0:0: Attached scsi generic sg2 type 0
[ 1554.783046] sd 7:0:0:0: [sdb] 3862528 512-byte logical blocks: (1.97 GB/1.84 GiB)
[ 1554.783511] sd 7:0:0:0: [sdb] Write Protect is off
[ 1554.783513] sd 7:0:0:0: [sdb] Mode Sense: 03 00 00 00
[ 1554.783515] sd 7:0:0:0: [sdb] Assuming drive cache: write through
[ 1554.787282] sd 7:0:0:0: [sdb] Assuming drive cache: write through
[ 1554.787288]  sdb:
[ 1554.792258] sd 7:0:0:0: [sdb] Assuming drive cache: write through
[ 1554.792262] sd 7:0:0:0: [sdb] Attached SCSI removable disk
[ 1555.053020] SELinux: initialized (dev sdb, type vfat), uses genfs_contexts
[ 1634.702029] usb 1-8: USB disconnect, address 7
[ 1635.082090] usb 1-8: new high speed USB device using ehci_hcd and address 8
[ 1635.145360] hub 1-0:1.0: unable to enumerate USB device on port 8
[ 5067.313734] yaomoon!
[ 7516.837511] goodbye!
[ 7532.484752] yaomoon!
